[81; 11; 95; 45; 65; 14; 28; 58; 51; 60; 31; 91; 73; 55; 2; 96; 7; 6; 99; 21; 90;
 26; 71; 20; 32; 64; 8; 80; 1; 19; 78; 18; 36; 48; 82; 69; 52; 70; 83; 4; 84; 37;
 39; 94; 77; 46; 12; 38; 25; 86; 79; 42; 68; 33; 13; 89; 76; 61; 72; 22; 50; 29;
 92; 62; 3; 16; 44; 43; 63; 24; 47; 56; 54; 97; 35; 49; 41; 93; 40; 10; 15; 75;
 17; 9; 23; 5; 87; 66; 74; 30; 85; 53; 67; 59; 57; 88; 98; 27; 34; 100]