"{ContainerName = "Building of tests should";
 CanonicalizedContainerName = "Building_of_tests_should";
 TestName = "get a representitive environment";
 CanonicalizedName = "get_a_representitive_environment";
 GoldStandardPath = "...\FeldSpar.Tests\";
 Assembly =
  FeldSpar.46.Tests, Version=0.0.0.0, Culture=neutral, PublicKeyToken=null;
 AssemblyPath = "...\FeldSpar.Tests\bin\...";
 FeldSparNetFramework = Net46;
 Reporters = [];}"