"("internal tests",
 [{ TestContainerName = "Can Build Report from Execution Summaries"
    TestName = "Summary One"
    TestCanonicalizedName = "SummaryOne"
    TestResults = Success };
  { TestContainerName = "Can Build Report from Execution Summaries"
    TestName = "Summary Two"
    TestCanonicalizedName = "SummaryTwo"
    TestResults = Failure (GeneralFailure "Something unknown happened") };
  { TestContainerName = "Can Build Report from Execution Summaries"
    TestName = "Summary Three"
    TestCanonicalizedName = "SummaryThree"
    TestResults = Success };
  { TestContainerName = "Can Build Report from Execution Summaries"
    TestName = "Summary Four"
    TestCanonicalizedName = "SummaryThree"
    TestResults = Failure (ExpectationFailure "5 expected to be 4") }])"