{
	"Assembly Name" : "internal tests" 
	"Failures" : [
			{
				"Collection": "Report exports to JSON",
				"Tests": [
						{ "Summary Four" : "Expectation Not Met ('5 expected to be 4')" },
						{ "Summary Two" : "General Failure ('Something unknown happened')" }
				]
			}
	],
	"Successes" : [
			{
				"Collection": "Report exports to JSON",
				"Tests": [
						"Summary One",
						"Summary Three"
				]
			}
	]
}
