"["2"; "3"; "8"; "10"; "11"; "12"; "20"; "30"; "Abbot"; "FeldSpar"; "Hello";
 "abbot"; "cat"; "hello"]"