Tom has 11 pears
Jane has 11 pears
Tarzan has 11 pears
Stephanie has 11 pears
Tom has 2 pears
Jane has 2 pears
Tarzan has 2 pears
Stephanie has 2 pears
Tom has 5 pears
Jane has 5 pears
Tarzan has 5 pears
Stephanie has 5 pears
Tom has 11 earrings
Jane has 11 earrings
Tarzan has 11 earrings
Stephanie has 11 earrings
Tom has 2 earrings
Jane has 2 earrings
Tarzan has 2 earrings
Stephanie has 2 earrings
Tom has 5 earrings
Jane has 5 earrings
Tarzan has 5 earrings
Stephanie has 5 earrings
Tom has 11 cups
Jane has 11 cups
Tarzan has 11 cups
Stephanie has 11 cups
Tom has 2 cups
Jane has 2 cups
Tarzan has 2 cups
Stephanie has 2 cups
Tom has 5 cups
Jane has 5 cups
Tarzan has 5 cups
Stephanie has 5 cups