"["Abbot"; "Cat"; "File"; "File2"; "File10"; "File13"; "File20"; "File 1";
 "File 2"; "File 11"; "File 12"; "File 20"; "Zoolander"]"