"["apple"; "ask"; "ball"; "balloon"; "bat"; "cart"; "cat"; "cats"]"