"[("Abbot", 33); ("Cat", 33); ("File", 33); ("File2", 33); ("File10", 33);
 ("File13", 33); ("File20", 33); ("File 1", 33); ("File 2", 33); ("File 11", 33);
 ("File 12", 33); ("File 20", 33); ("Zoolander", 33)]"