{Name = "Steven";
 Age = 38;
 Dojo = ("Too Cool For School", TooCool);}
